{-# LANGUAGE DeriveFunctor #-}
{-# LANGUAGE TemplateHaskell #-}
{-# LANGUAGE TypeOperators #-}
{-# LANGUAGE FlexibleContexts #-}
{-# LANGUAGE FlexibleInstances #-}
{-# LANGUAGE MultiParamTypeClasses #-}
module EmptyCheckInFunc where
import qualified Data.Comp
import qualified Data.Comp.Derive
import qualified Data.Comp.Show ()
import qualified Data.Comp.Equality ()

d :: () => a -> a
d a = a
